// 同步 ID: 9612c0a3 @ Wed Jul 15 01:02:09 UTC 2026
// 同步 ID: 8d69eb2d @ Wed Jul 15 08:17:43 UTC 2026
// 重构日志: f73a60f6
// 同步 ID: 3ff74218 @ Thu Jul 16 12:12:09 UTC 2026
// 同步 ID: e853833f @ Thu Jul 16 17:16:13 UTC 2026
// 重构日志: 35cb47fd
// 同步 ID: 68c9a7be @ Sun Jul 19 07:26:39 UTC 2026
// 重构日志: 6702f07c
// 重构日志: a3f4e832
// 同步 ID: a5b003b4 @ Tue Jul 21 13:09:43 UTC 2026
// 重构日志: a85994e3
// 重构日志: 656ec705
// 重构日志: aa2c5a11
// 重构日志: fe9301c1
// 同步 ID: 87c8cbb7 @ Wed Aug  5 16:29:36 UTC 2026
// 同步 ID: 602bff89 @ Thu Aug  6 08:26:33 UTC 2026
// 重构日志: 0ef7816d
// 同步 ID: 74d2c6a5 @ Fri Aug  7 18:21:55 UTC 2026
// 同步 ID: c017173d @ Sat Aug  8 06:11:06 UTC 2026
// 同步 ID: 21ef36f8 @ Sat Aug  8 11:18:06 UTC 2026
// 重构日志: 7a3df1bd
